'Basic Operations' 'begin'
'Log In' 'astrmhlp.txt'
'Files' 'begin'
'Set Image File Type' 'astrmhlp.txt'
'Load Image Files' 'astrmhlp.txt'
'Clear Current Images and/or Reference Fields' 'astrmhlp.txt'
'Files' 'end'
'Images' 'begin'
'Display Loaded Images' 'astrmhlp.txt'
'Display/Print Header & Display Information' 'astrmhlp.txt'
'Print Images' 'astrmhlp.txt'
'Adjust Images' 'begin'
'Change Display Size' 'astrmhlp.txt'
'Zoom/Unzoom an Image' 'astrmhlp.txt'
'Adjust Brightness, Contrast' 'astrmhlp.txt'
'Change Image Orientation' 'astrmhlp.txt'
'Invert Display' 'astrmhlp.txt'
'Initial Background Level & Display Range' 'astrmhlp.txt'
'Adjust Images' 'end'
'Blink Images' 'begin'
'Blinking Procedure' 'astrmhlp.txt'
'Blink Adjustments' 'astrmhlp.txt'
'Blink a Sub-Region' 'astrmhlp.txt'
'Blink Images' 'end'
'Images' 'end'
'Astrometric Measurements' 'begin'
'Measure Images' 'astrmhlp.txt'
'Set "Box" Parameters' 'astrmhlp.txt'
'Mathematical Solution Models' 'astrmhlp.txt'
'Cursor Pointing Accuracy' 'astrmhlp.txt'
'Magnitudes' 'astrmhlp.txt'
'Astrometric Measurements' 'end'
'Reports' 'begin'
'Astrometric Solution Report' 'astrmhlp.txt'
'Astrometric Results Report' 'astrmhlp.txt'
'Compute Projected Baselines' 'astrmhlp.txt'
'Using a Spreadsheet Program' 'astrmhlp.txt'
'Reports' 'end'
'Close the Program' 'astrmhlp.txt'
'Basic Operations' 'end'
